<?xml version="1.0" encoding="UTF-8"?>
<TestRun id="3e460512-c0a4-4d3d-9cb5-2d97ef79547e" name="Junior@DESKTOP-EI0OP3O 2020-12-10 13:20:57" runUser="DESKTOP-EI0OP3O\Junior" xmlns="http://microsoft.com/schemas/VisualStudio/TeamTest/2010">
  <TestSettings name="Local" id="9129a168-b39a-40fb-acff-3718f31d7bae">
    <Description>These are default test settings for a local test run.</Description>
    <Deployment enabled="false" runDeploymentRoot="Junior_DESKTOP-EI0OP3O 2020-12-10 13_20_57">
      <DeploymentItem filename="C:\Users\Junior\Documents\00-Workspace\[temp]Cars charts\Repo\Art-Factory.cs\2-Cars Performance Charts\_Dependencies\System.Data.SQLite.dll" />
      <DeploymentItem filename="C:\Users\Junior\Documents\00-Workspace\[temp]Cars charts\Repo\Art-Factory.cs\2-Cars Performance Charts\Cars Performance Charts\System.CPC.Controller\bin\Debug\System.CPC.Controller.dll" />
      <DeploymentItem filename="C:\Users\Junior\Documents\00-Workspace\[temp]Cars charts\Repo\Art-Factory.cs\2-Cars Performance Charts\Cars Performance Charts\System.CPC.Connection\bin\Debug\System.CPC.Connection.dll" />
      <DeploymentItem filename="C:\Users\Junior\Documents\00-Workspace\[temp]Cars charts\Repo\Art-Factory.cs\2-Cars Performance Charts\Cars Performance Charts\System.CPC.Model\bin\Debug\System.CPC.Model.dll" />
    </Deployment>
    <Execution>
      <TestTypeSpecific />
      <AgentRule name="Execution Agents">
      </AgentRule>
    </Execution>
  </TestSettings>
  <Times creation="2020-12-10T13:20:57.0753587-03:00" queuing="2020-12-10T13:20:58.4861558-03:00" start="2020-12-10T13:20:58.4966676-03:00" finish="2020-12-10T13:20:59.0632499-03:00" />
  <ResultSummary outcome="Completed">
    <Counters total="5" executed="5" passed="5" error="0" failed="0" timeout="0" aborted="0" inconclusive="0" passedButRunAborted="0" notRunnable="0" notExecuted="0" disconnected="0" warning="0" completed="0" inProgress="0" pending="0" />
  </ResultSummary>
  <TestDefinitions>
    <OrderedTest name="torque statistcs" storage="c:\users\junior\documents\00-workspace\[temp]cars charts\repo\art-factory.cs\2-cars performance charts\cars performance charts\system.cpc.nunit\torque statistcs.orderedtest" id="77cd2538-2004-47d0-a5b4-3bd075874ec2">
      <Execution id="a9533f3d-f57b-4ce6-a9a2-a2cf0b37ce74" />
      <TestLinks>
        <TestLink id="2fcd9bf8-5a14-9470-7d8b-696f59eb7387" name="MostTorqueCarTest" storage="bin\debug\system.cpc.nunit.dll" type="Microsoft.VisualStudio.TestTools.TestTypes.Unit.UnitTestElement, Microsoft.VisualStudio.QualityTools.Tips.UnitTest.ObjectModel, Version=10.0.0.0, Culture=neutral, PublicKeyToken=b03f5f7f11d50a3a" />
        <TestLink id="cc7e0317-2ca9-9384-fe09-857328d15823" name="AvgTorqueTest" storage="bin\debug\system.cpc.nunit.dll" type="Microsoft.VisualStudio.TestTools.TestTypes.Unit.UnitTestElement, Microsoft.VisualStudio.QualityTools.Tips.UnitTest.ObjectModel, Version=10.0.0.0, Culture=neutral, PublicKeyToken=b03f5f7f11d50a3a" />
        <TestLink id="4e3f3074-8223-9e19-872e-ea02d2a20a85" name="TopFiveTorqueTest" storage="bin\debug\system.cpc.nunit.dll" type="Microsoft.VisualStudio.TestTools.TestTypes.Unit.UnitTestElement, Microsoft.VisualStudio.QualityTools.Tips.UnitTest.ObjectModel, Version=10.0.0.0, Culture=neutral, PublicKeyToken=b03f5f7f11d50a3a" />
        <TestLink id="ea2a8436-45bf-1ae9-aaa2-842be39820fb" name="CustomTorqueComparisonTest" storage="bin\debug\system.cpc.nunit.dll" type="Microsoft.VisualStudio.TestTools.TestTypes.Unit.UnitTestElement, Microsoft.VisualStudio.QualityTools.Tips.UnitTest.ObjectModel, Version=10.0.0.0, Culture=neutral, PublicKeyToken=b03f5f7f11d50a3a" />
      </TestLinks>
    </OrderedTest>
    <UnitTest name="MostTorqueCarTest" storage="c:\users\junior\documents\00-workspace\[temp]cars charts\repo\art-factory.cs\2-cars performance charts\cars performance charts\system.cpc.nunit\bin\debug\system.cpc.nunit.dll" id="2fcd9bf8-5a14-9470-7d8b-696f59eb7387">
      <TestMethod codeBase="C:/Users/Junior/Documents/00-Workspace/[temp]Cars charts/Repo/Art-Factory.cs/2-Cars Performance Charts/Cars Performance Charts/System.CPC.Nunit/bin/Debug/System.CPC.Nunit.DLL" adapterTypeName="Microsoft.VisualStudio.TestTools.TestTypes.Unit.UnitTestAdapter, Microsoft.VisualStudio.QualityTools.Tips.UnitTest.Adapter, Version=10.0.0.0, Culture=neutral, PublicKeyToken=b03f5f7f11d50a3a" className="System.CPC.Nunit.CarDAOTest, System.CPC.Nunit, Version=1.0.0.0, Culture=neutral, PublicKeyToken=null" name="MostTorqueCarTest" />
    </UnitTest>
    <UnitTest name="AvgTorqueTest" storage="c:\users\junior\documents\00-workspace\[temp]cars charts\repo\art-factory.cs\2-cars performance charts\cars performance charts\system.cpc.nunit\bin\debug\system.cpc.nunit.dll" id="cc7e0317-2ca9-9384-fe09-857328d15823">
      <TestMethod codeBase="C:/Users/Junior/Documents/00-Workspace/[temp]Cars charts/Repo/Art-Factory.cs/2-Cars Performance Charts/Cars Performance Charts/System.CPC.Nunit/bin/Debug/System.CPC.Nunit.DLL" adapterTypeName="Microsoft.VisualStudio.TestTools.TestTypes.Unit.UnitTestAdapter, Microsoft.VisualStudio.QualityTools.Tips.UnitTest.Adapter, Version=10.0.0.0, Culture=neutral, PublicKeyToken=b03f5f7f11d50a3a" className="System.CPC.Nunit.CarDAOTest, System.CPC.Nunit, Version=1.0.0.0, Culture=neutral, PublicKeyToken=null" name="AvgTorqueTest" />
    </UnitTest>
    <UnitTest name="CustomTorqueComparisonTest" storage="c:\users\junior\documents\00-workspace\[temp]cars charts\repo\art-factory.cs\2-cars performance charts\cars performance charts\system.cpc.nunit\bin\debug\system.cpc.nunit.dll" id="ea2a8436-45bf-1ae9-aaa2-842be39820fb">
      <TestMethod codeBase="C:/Users/Junior/Documents/00-Workspace/[temp]Cars charts/Repo/Art-Factory.cs/2-Cars Performance Charts/Cars Performance Charts/System.CPC.Nunit/bin/Debug/System.CPC.Nunit.DLL" adapterTypeName="Microsoft.VisualStudio.TestTools.TestTypes.Unit.UnitTestAdapter, Microsoft.VisualStudio.QualityTools.Tips.UnitTest.Adapter, Version=10.0.0.0, Culture=neutral, PublicKeyToken=b03f5f7f11d50a3a" className="System.CPC.Nunit.CarDAOTest, System.CPC.Nunit, Version=1.0.0.0, Culture=neutral, PublicKeyToken=null" name="CustomTorqueComparisonTest" />
    </UnitTest>
    <UnitTest name="TopFiveTorqueTest" storage="c:\users\junior\documents\00-workspace\[temp]cars charts\repo\art-factory.cs\2-cars performance charts\cars performance charts\system.cpc.nunit\bin\debug\system.cpc.nunit.dll" id="4e3f3074-8223-9e19-872e-ea02d2a20a85">
      <TestMethod codeBase="C:/Users/Junior/Documents/00-Workspace/[temp]Cars charts/Repo/Art-Factory.cs/2-Cars Performance Charts/Cars Performance Charts/System.CPC.Nunit/bin/Debug/System.CPC.Nunit.DLL" adapterTypeName="Microsoft.VisualStudio.TestTools.TestTypes.Unit.UnitTestAdapter, Microsoft.VisualStudio.QualityTools.Tips.UnitTest.Adapter, Version=10.0.0.0, Culture=neutral, PublicKeyToken=b03f5f7f11d50a3a" className="System.CPC.Nunit.CarDAOTest, System.CPC.Nunit, Version=1.0.0.0, Culture=neutral, PublicKeyToken=null" name="TopFiveTorqueTest" />
    </UnitTest>
  </TestDefinitions>
  <TestLists>
    <TestList name="Results Not in a List" id="8c84fa94-04c1-424b-9868-57a2d4851a1d" />
    <TestList name="All Loaded Results" id="19431567-8539-422a-85d7-44ee4e166bda" />
  </TestLists>
  <TestEntries>
    <TestEntry testId="77cd2538-2004-47d0-a5b4-3bd075874ec2" executionId="a9533f3d-f57b-4ce6-a9a2-a2cf0b37ce74" testListId="8c84fa94-04c1-424b-9868-57a2d4851a1d">
      <TestEntries>
        <TestEntry testId="2fcd9bf8-5a14-9470-7d8b-696f59eb7387" executionId="936e3305-c5b4-41c7-9827-ef1c5ac0f4c1" parentExecutionId="a9533f3d-f57b-4ce6-a9a2-a2cf0b37ce74" testListId="8c84fa94-04c1-424b-9868-57a2d4851a1d" />
        <TestEntry testId="cc7e0317-2ca9-9384-fe09-857328d15823" executionId="0c8cb25b-cf5f-45ca-9f51-06231785c477" parentExecutionId="a9533f3d-f57b-4ce6-a9a2-a2cf0b37ce74" testListId="8c84fa94-04c1-424b-9868-57a2d4851a1d" />
        <TestEntry testId="4e3f3074-8223-9e19-872e-ea02d2a20a85" executionId="d0bf3a28-785f-4050-9f97-50f20cfa894d" parentExecutionId="a9533f3d-f57b-4ce6-a9a2-a2cf0b37ce74" testListId="8c84fa94-04c1-424b-9868-57a2d4851a1d" />
        <TestEntry testId="ea2a8436-45bf-1ae9-aaa2-842be39820fb" executionId="322da0df-a7f5-41f9-8ef5-e091d0756852" parentExecutionId="a9533f3d-f57b-4ce6-a9a2-a2cf0b37ce74" testListId="8c84fa94-04c1-424b-9868-57a2d4851a1d" />
      </TestEntries>
    </TestEntry>
  </TestEntries>
  <Results>
    <TestResultAggregation executionId="a9533f3d-f57b-4ce6-a9a2-a2cf0b37ce74" testId="77cd2538-2004-47d0-a5b4-3bd075874ec2" testName="torque statistcs" computerName="DESKTOP-EI0OP3O" duration="00:00:00.5284328" startTime="2020-12-10T13:20:58.5036716-03:00" endTime="2020-12-10T13:20:59.0337006-03:00" testType="ec4800e8-40e5-4ab3-8510-b8bf29b1904d" outcome="Passed" testListId="8c84fa94-04c1-424b-9868-57a2d4851a1d" relativeResultsDirectory="a9533f3d-f57b-4ce6-a9a2-a2cf0b37ce74">
      <Counters error="0" failed="0" timeout="0" aborted="0" inconclusive="0" passedButRunAborted="0" notRunnable="0" notExecuted="0" disconnected="0" warning="0" passed="4" completed="0" inProgress="0" pending="0" />
      <InnerResults>
        <UnitTestResult executionId="936e3305-c5b4-41c7-9827-ef1c5ac0f4c1" parentExecutionId="a9533f3d-f57b-4ce6-a9a2-a2cf0b37ce74" testId="2fcd9bf8-5a14-9470-7d8b-696f59eb7387" testName="MostTorqueCarTest" computerName="DESKTOP-EI0OP3O" duration="00:00:00.0935684" startTime="2020-12-10T13:20:58.5056729-03:00" endTime="2020-12-10T13:20:58.9983450-03:00" testType="13cdc9d9-ddb5-4fa4-a97d-d965ccfc6d4b" outcome="Passed" testListId="8c84fa94-04c1-424b-9868-57a2d4851a1d" relativeResultsDirectory="936e3305-c5b4-41c7-9827-ef1c5ac0f4c1">
          <Output>
          </Output>
        </UnitTestResult>
        <UnitTestResult executionId="0c8cb25b-cf5f-45ca-9f51-06231785c477" parentExecutionId="a9533f3d-f57b-4ce6-a9a2-a2cf0b37ce74" testId="cc7e0317-2ca9-9384-fe09-857328d15823" testName="AvgTorqueTest" computerName="DESKTOP-EI0OP3O" duration="00:00:00.0039776" startTime="2020-12-10T13:20:58.9988443-03:00" endTime="2020-12-10T13:20:59.0098554-03:00" testType="13cdc9d9-ddb5-4fa4-a97d-d965ccfc6d4b" outcome="Passed" testListId="8c84fa94-04c1-424b-9868-57a2d4851a1d" relativeResultsDirectory="0c8cb25b-cf5f-45ca-9f51-06231785c477">
          <Output>
          </Output>
        </UnitTestResult>
        <UnitTestResult executionId="d0bf3a28-785f-4050-9f97-50f20cfa894d" parentExecutionId="a9533f3d-f57b-4ce6-a9a2-a2cf0b37ce74" testId="4e3f3074-8223-9e19-872e-ea02d2a20a85" testName="TopFiveTorqueTest" computerName="DESKTOP-EI0OP3O" duration="00:00:00.0047103" startTime="2020-12-10T13:20:59.0098554-03:00" endTime="2020-12-10T13:20:59.0213757-03:00" testType="13cdc9d9-ddb5-4fa4-a97d-d965ccfc6d4b" outcome="Passed" testListId="8c84fa94-04c1-424b-9868-57a2d4851a1d" relativeResultsDirectory="d0bf3a28-785f-4050-9f97-50f20cfa894d">
          <Output>
          </Output>
        </UnitTestResult>
        <UnitTestResult executionId="322da0df-a7f5-41f9-8ef5-e091d0756852" parentExecutionId="a9533f3d-f57b-4ce6-a9a2-a2cf0b37ce74" testId="ea2a8436-45bf-1ae9-aaa2-842be39820fb" testName="CustomTorqueComparisonTest" computerName="DESKTOP-EI0OP3O" duration="00:00:00.0048402" startTime="2020-12-10T13:20:59.0218737-03:00" endTime="2020-12-10T13:20:59.0337006-03:00" testType="13cdc9d9-ddb5-4fa4-a97d-d965ccfc6d4b" outcome="Passed" testListId="8c84fa94-04c1-424b-9868-57a2d4851a1d" relativeResultsDirectory="322da0df-a7f5-41f9-8ef5-e091d0756852">
          <Output>
          </Output>
        </UnitTestResult>
      </InnerResults>
    </TestResultAggregation>
  </Results>
</TestRun>